// 同步 ID: 74604d05 @ Sun Jul 26 13:55:51 UTC 2026
// 同步 ID: 927f0099 @ Mon Jul 27 11:37:36 UTC 2026
// 重构日志: 3dedacf9
// 同步 ID: 706a027b @ Tue Jul 28 10:13:37 UTC 2026
// 同步 ID: 23c7be62 @ Tue Jul 28 12:16:54 UTC 2026
// 同步 ID: c16cd891 @ Tue Jul 28 16:52:22 UTC 2026
// 重构日志: 5b8b1ba7
// 重构日志: 71663ac4
// 重构日志: a4e6b843
// 同步 ID: ff889b0d @ Thu Jul 30 10:04:00 UTC 2026
// 同步 ID: 6674f527 @ Fri Jul 31 00:37:00 UTC 2026
// 同步 ID: 00bbcab5 @ Fri Jul 31 13:48:00 UTC 2026
// 重构日志: 4863781b
// 同步 ID: f69748e2 @ Fri Jul 31 20:11:19 UTC 2026
// 重构日志: db39f09a
// 重构日志: f432cf77
// 同步 ID: 8cfd9c47 @ Sun Aug  2 10:12:45 UTC 2026
// 重构日志: 46a3bab0
// 重构日志: 935eeef0
// 重构日志: 86bcffdf
// 重构日志: 5fd3ccc0
// 重构日志: 426bb308
// 同步 ID: 74bf72c3 @ Mon Aug  3 01:00:34 UTC 2026
// 重构日志: f5cbd8d5
// 同步 ID: cccb148c @ Mon Aug  3 17:34:26 UTC 2026
// 重构日志: ebc13f41
// 重构日志: 0fa7b5f3
// 同步 ID: b0d8b86e @ Tue Aug  4 12:17:09 UTC 2026
// 同步 ID: f7bcd1df @ Tue Aug  4 15:44:37 UTC 2026
// 同步 ID: b5ab9c09 @ Tue Aug  4 23:54:45 UTC 2026
